// Bun Snapshot v1, https://goo.gl/fbAQLP

exports[`Case: "이걸 까셀라 부다!"하고 소리를 쳤다. 인용문 항상 줄바꿈() 옵션이 true라면 인용문을 독립된 문단에 표시한다. 1`] = `
[
  [
    " ",
    "하",
    "고",
    " ",
    "소",
    "리",
    "를",
    " ",
    "쳤",
    "다",
    ".",
  ],
]
`;

exports[`Case #1: 안녕하세요. 반갑습니다. 1`] = `
[
  [
    " ",
    "안",
    "녕",
    "하",
    "세",
    "요",
    ".",
    "반",
    "갑",
    "습",
    "니",
    "다",
    ".",
  ],
]
`;

exports[`Case #2: 대한민국은 Korea이다. 1`] = `
[
  [
    " ",
    "대",
    "한",
    "민",
    "국",
    "은",
    " ",
    "K",
    "or",
    "ea",
    "이",
    "다",
    ".",
  ],
]
`;

exports[`Case #3: 걸음도 해깝고 방울소리가 밤 벌판에 한층 청청하게 울렸다.
달이 어지간히 기울어졌다. 1`] = `
[
  [
    " ",
    "걸",
    "음",
    "도",
    " ",
    "해",
    "깝",
    "고",
    " ",
    "방",
    "울",
    "소",
    "리",
    "가",
    " ",
    "밤",
    " ",
    "벌",
    "판",
    "에",
  ],
  [
    "한",
    "층",
    " ",
    "청",
    "청",
    "하",
    "게",
    " ",
    "울",
    "렸",
    "다",
    ".",
  ],
  [
    " ",
    "달",
    "이",
    " ",
    "어",
    "지",
    "간",
    "히",
    " ",
    "기",
    "울",
    "어",
    "졌",
    "다",
    ".",
  ],
]
`;

exports[`Case #4: "이걸 까셀라 부다!"하고 소리를 쳤다. 1`] = `
[
  [
    " ",
    "하",
    "고",
    " ",
    "소",
    "리",
    "를",
    " ",
    "쳤",
    "다",
    ".",
  ],
]
`;
